Component: ARM Compiler 5.06 update 6 (build 750) Tool: armlink [4d35ed]

==============================================================================

Section Cross References

    main.o(.text) refers to delay.o(.text) for st_delay_init
    main.o(.text) refers to misc.o(.text) for NVIC_PriorityGroupConfig
    main.o(.text) refers to usart.o(.text) for uart1_init
    main.o(.text) refers to led.o(.text) for LED_Init
    main.o(.text) refers to key.o(.text) for KEY_Init
    main.o(.text) refers to timer.o(.text) for TIM3_Int_Init
    main.o(.text) refers to stm32f10x_usart.o(.text) for USART_SendData
    main.o(.text) refers to __2printf.o(.text) for __2printf
    main.o(.text) refers to usart.o(.data) for USART_RX_STA
    main.o(.text) refers to usart.o(.bss) for USART_RX_BUF
    system_stm32f10x.o(.text) refers to system_stm32f10x.o(.data) for SystemCoreClock
    led.o(.text) refers to stm32f10x_rcc.o(.text) for RCC_APB2PeriphClockCmd
    led.o(.text) refers to stm32f10x_gpio.o(.text) for GPIO_Init
    key.o(.text) refers to stm32f10x_rcc.o(.text) for RCC_APB2PeriphClockCmd
    key.o(.text) refers to stm32f10x_gpio.o(.text) for GPIO_Init
    key.o(.text) refers to delay.o(.text) for st_delay_ms
    key.o(.text) refers to key.o(.data) for key_up
    timer.o(.text) refers to stm32f10x_rcc.o(.text) for RCC_APB1PeriphClockCmd
    timer.o(.text) refers to stm32f10x_tim.o(.text) for TIM_TimeBaseInit
    timer.o(.text) refers to misc.o(.text) for NVIC_Init
    delay.o(.text) refers to misc.o(.text) for SysTick_CLKSourceConfig
    delay.o(.text) refers to system_stm32f10x.o(.data) for SystemCoreClock
    delay.o(.text) refers to delay.o(.data) for fac_us
    usart.o(.text) refers to stm32f10x_rcc.o(.text) for RCC_APB2PeriphClockCmd
    usart.o(.text) refers to stm32f10x_gpio.o(.text) for GPIO_Init
    usart.o(.text) refers to misc.o(.text) for NVIC_Init
    usart.o(.text) refers to stm32f10x_usart.o(.text) for USART_Init
    usart.o(.text) refers to wrappers.o(.text) for HAL_serial_tx_isr
    startup_stm32f10x_hd.o(STACK) refers (Special) to heapauxi.o(.text) for __use_two_region_memory
    startup_stm32f10x_hd.o(HEAP) refers (Special) to heapauxi.o(.text) for __use_two_region_memory
    startup_stm32f10x_hd.o(RESET) refers (Special) to heapauxi.o(.text) for __use_two_region_memory
    startup_stm32f10x_hd.o(RESET) refers to startup_stm32f10x_hd.o(STACK) for __initial_sp
    startup_stm32f10x_hd.o(RESET) refers to startup_stm32f10x_hd.o(.text) for Reset_Handler
    startup_stm32f10x_hd.o(RESET) refers to stm32f10x_it.o(.text) for NMI_Handler
    startup_stm32f10x_hd.o(RESET) refers to timer.o(.text) for TIM3_IRQHandler
    startup_stm32f10x_hd.o(RESET) refers to usart.o(.text) for USART1_IRQHandler
    startup_stm32f10x_hd.o(.text) refers (Special) to heapauxi.o(.text) for __use_two_region_memory
    startup_stm32f10x_hd.o(.text) refers to system_stm32f10x.o(.text) for SystemInit
    startup_stm32f10x_hd.o(.text) refers to __main.o(!!!main) for __main
    startup_stm32f10x_hd.o(.text) refers to startup_stm32f10x_hd.o(HEAP) for Heap_Mem
    startup_stm32f10x_hd.o(.text) refers to startup_stm32f10x_hd.o(STACK) for Stack_Mem
    stm32f10x_gpio.o(.text) refers to stm32f10x_rcc.o(.text) for RCC_APB2PeriphResetCmd
    stm32f10x_rcc.o(.text) refers to stm32f10x_rcc.o(.data) for APBAHBPrescTable
    stm32f10x_usart.o(.text) refers to stm32f10x_rcc.o(.text) for RCC_APB2PeriphResetCmd
    stm32f10x_tim.o(.text) refers to stm32f10x_rcc.o(.text) for RCC_APB2PeriphResetCmd
    coolant_control.o(.text) refers to protocol.o(.text) for protocol_buffer_synchronize
    coolant_control.o(.text) refers to main_1.o(.bss) for sys
    gcode.o(.text) refers to rt_memclr_w.o(.text) for __aeabi_memclr4
    gcode.o(.text) refers to settings.o(.text) for settings_read_coord_data
    gcode.o(.text) refers to report.o(.text) for report_status_message
    gcode.o(.text) refers to system.o(.text) for system_convert_array_steps_to_mpos
    gcode.o(.text) refers to feqf.o(x$fpl$feqf) for __aeabi_cfcmpeq
    gcode.o(.text) refers to nuts_bolts.o(.text) for read_float
    gcode.o(.text) refers to f2d.o(x$fpl$f2d) for __aeabi_f2d
    gcode.o(.text) refers to trunc.o(i.trunc) for trunc
    gcode.o(.text) refers to dfixu.o(x$fpl$dfixu) for __aeabi_d2uiz
    gcode.o(.text) refers to fflt_clz.o(x$fpl$ffltu) for __aeabi_ui2f
    gcode.o(.text) refers to faddsub_clz.o(x$fpl$frsb) for __aeabi_frsub
    gcode.o(.text) refers to fmul.o(x$fpl$fmul) for __aeabi_fmul
    gcode.o(.text) refers to round.o(i.round) for round
    gcode.o(.text) refers to gcode.o(.bss) for gc_state
    gcode.o(.text) refers to main_1.o(.bss) for sys
    gcode.o(.text) refers to dfix.o(x$fpl$dfix) for __aeabi_d2iz
    gcode.o(.text) refers to dleqf.o(x$fpl$dleqf) for __aeabi_cdcmple
    gcode.o(.text) refers to dmul.o(x$fpl$dmul) for __aeabi_dmul
    gcode.o(.text) refers to d2f.o(x$fpl$d2f) for __aeabi_d2f
    gcode.o(.text) refers to faddsub_clz.o(x$fpl$fsub) for __aeabi_fsub
[...]
    TIM_PWMIConfig                           0x08001c6d   Thumb Code   124  stm32f10x_tim.o(.text)
    TIM_BDTRConfig                           0x08001ce9   Thumb Code    32  stm32f10x_tim.o(.text)
    TIM_TimeBaseStructInit                   0x08001d09   Thumb Code    18  stm32f10x_tim.o(.text)
    TIM_OCStructInit                         0x08001d1b   Thumb Code    20  stm32f10x_tim.o(.text)
    TIM_ICStructInit                         0x08001d2f   Thumb Code    18  stm32f10x_tim.o(.text)
    TIM_BDTRStructInit                       0x08001d41   Thumb Code    40  stm32f10x_tim.o(.text)
    TIM_Cmd                                  0x08001d69   Thumb Code    24  stm32f10x_tim.o(.text)
    TIM_CtrlPWMOutputs                       0x08001d81   Thumb Code    30  stm32f10x_tim.o(.text)
    TIM_ITConfig                             0x08001d9f   Thumb Code    18  stm32f10x_tim.o(.text)
    TIM_GenerateEvent                        0x08001db1   Thumb Code     4  stm32f10x_tim.o(.text)
    TIM_DMAConfig                            0x08001db5   Thumb Code    10  stm32f10x_tim.o(.text)
    TIM_DMACmd                               0x08001dbf   Thumb Code    18  stm32f10x_tim.o(.text)
    TIM_InternalClockConfig                  0x08001dd1   Thumb Code    12  stm32f10x_tim.o(.text)
    TIM_SelectInputTrigger                   0x08001ddd   Thumb Code    18  stm32f10x_tim.o(.text)
    TIM_ITRxExternalClockConfig              0x08001def   Thumb Code    24  stm32f10x_tim.o(.text)
    TIM_TIxExternalClockConfig               0x08001e07   Thumb Code    62  stm32f10x_tim.o(.text)
    TIM_ETRConfig                            0x08001e45   Thumb Code    28  stm32f10x_tim.o(.text)
    TIM_ETRClockMode1Config                  0x08001e61   Thumb Code    54  stm32f10x_tim.o(.text)
    TIM_ETRClockMode2Config                  0x08001e97   Thumb Code    32  stm32f10x_tim.o(.text)
    TIM_PrescalerConfig                      0x08001eb7   Thumb Code     6  stm32f10x_tim.o(.text)
    TIM_CounterModeConfig                    0x08001ebd   Thumb Code    18  stm32f10x_tim.o(.text)
    TIM_EncoderInterfaceConfig               0x08001ecf   Thumb Code    66  stm32f10x_tim.o(.text)
    TIM_ForcedOC1Config                      0x08001f11   Thumb Code    18  stm32f10x_tim.o(.text)
    TIM_ForcedOC2Config                      0x08001f23   Thumb Code    26  stm32f10x_tim.o(.text)
    TIM_ForcedOC3Config                      0x08001f3d   Thumb Code    18  stm32f10x_tim.o(.text)
    TIM_ForcedOC4Config                      0x08001f4f   Thumb Code    26  stm32f10x_tim.o(.text)
    TIM_ARRPreloadConfig                     0x08001f69   Thumb Code    24  stm32f10x_tim.o(.text)
    TIM_SelectCOM                            0x08001f81   Thumb Code    24  stm32f10x_tim.o(.text)
    TIM_SelectCCDMA                          0x08001f99   Thumb Code    24  stm32f10x_tim.o(.text)
    TIM_CCPreloadControl                     0x08001fb1   Thumb Code    24  stm32f10x_tim.o(.text)
    TIM_OC1PreloadConfig                     0x08001fc9   Thumb Code    18  stm32f10x_tim.o(.text)
    TIM_OC2PreloadConfig                     0x08001fdb   Thumb Code    26  stm32f10x_tim.o(.text)
    TIM_OC3PreloadConfig                     0x08001ff5   Thumb Code    18  stm32f10x_tim.o(.text)
    TIM_OC4PreloadConfig                     0x08002007   Thumb Code    26  stm32f10x_tim.o(.text)
    TIM_OC1FastConfig                        0x08002021   Thumb Code    18  stm32f10x_tim.o(.text)
    TIM_OC2FastConfig                        0x08002033   Thumb Code    26  stm32f10x_tim.o(.text)
    TIM_OC3FastConfig                        0x0800204d   Thumb Code    18  stm32f10x_tim.o(.text)
    TIM_OC4FastConfig                        0x0800205f   Thumb Code    26  stm32f10x_tim.o(.text)
    TIM_ClearOC1Ref                          0x08002079   Thumb Code    18  stm32f10x_tim.o(.text)
    TIM_ClearOC2Ref                          0x0800208b   Thumb Code    24  stm32f10x_tim.o(.text)
    TIM_ClearOC3Ref                          0x080020a3   Thumb Code    18  stm32f10x_tim.o(.text)
    TIM_ClearOC4Ref                          0x080020b5   Thumb Code    24  stm32f10x_tim.o(.text)
    TIM_OC1PolarityConfig                    0x080020cd   Thumb Code    18  stm32f10x_tim.o(.text)
    TIM_OC1NPolarityConfig                   0x080020df   Thumb Code    18  stm32f10x_tim.o(.text)
    TIM_OC2PolarityConfig                    0x080020f1   Thumb Code    26  stm32f10x_tim.o(.text)
    TIM_OC2NPolarityConfig                   0x0800210b   Thumb Code    26  stm32f10x_tim.o(.text)
    TIM_OC3PolarityConfig                    0x08002125   Thumb Code    26  stm32f10x_tim.o(.text)
    TIM_OC3NPolarityConfig                   0x0800213f   Thumb Code    26  stm32f10x_tim.o(.text)
    TIM_OC4PolarityConfig                    0x08002159   Thumb Code    26  stm32f10x_tim.o(.text)
    TIM_CCxCmd                               0x08002173   Thumb Code    30  stm32f10x_tim.o(.text)
    TIM_CCxNCmd                              0x08002191   Thumb Code    30  stm32f10x_tim.o(.text)
    TIM_SelectOCxM                           0x080021af   Thumb Code    82  stm32f10x_tim.o(.text)
    TIM_UpdateDisableConfig                  0x08002201   Thumb Code    24  stm32f10x_tim.o(.text)
    TIM_UpdateRequestConfig                  0x08002219   Thumb Code    24  stm32f10x_tim.o(.text)
    TIM_SelectHallSensor                     0x08002231   Thumb Code    24  stm32f10x_tim.o(.text)
    TIM_SelectOnePulseMode                   0x08002249   Thumb Code    18  stm32f10x_tim.o(.text)
    TIM_SelectOutputTrigger                  0x0800225b   Thumb Code    18  stm32f10x_tim.o(.text)
    TIM_SelectSlaveMode                      0x0800226d   Thumb Code    18  stm32f10x_tim.o(.text)
    TIM_SelectMasterSlaveMode                0x0800227f   Thumb Code    18  stm32f10x_tim.o(.text)
    TIM_SetCounter                           0x08002291   Thumb Code     4  stm32f10x_tim.o(.text)
    TIM_SetAutoreload                        0x08002295   Thumb Code     4  stm32f10x_tim.o(.text)
    TIM_SetCompare1                          0x08002299   Thumb Code     4  stm32f10x_tim.o(.text)
    TIM_SetCompare2                          0x0800229d   Thumb Code     4  stm32f10x_tim.o(.text)
    TIM_SetCompare3                          0x080022a1   Thumb Code     4  stm32f10x_tim.o(.text)
    TIM_SetCompare4                          0x080022a5   Thumb Code     6  stm32f10x_tim.o(.text)
    TIM_SetClockDivision                     0x080022ab   Thumb Code    18  stm32f10x_tim.o(.text)
    TIM_GetCapture1                          0x080022bd   Thumb Code     6  stm32f10x_tim.o(.text)
    TIM_GetCapture2                          0x080022c3   Thumb Code     6  stm32f10x_tim.o(.text)
    TIM_GetCapture3                          0x080022c9   Thumb Code     6  stm32f10x_tim.o(.text)
    TIM_GetCapture4                          0x080022cf   Thumb Code     8  stm32f10x_tim.o(.text)
    TIM_GetCounter                           0x080022d7   Thumb Code     6  stm32f10x_tim.o(.text)
    TIM_GetPrescaler                         0x080022dd   Thumb Code     6  stm32f10x_tim.o(.text)
    TIM_GetFlagStatus                        0x080022e3   Thumb Code    18  stm32f10x_tim.o(.text)
    TIM_ClearFlag                            0x080022f5   Thumb Code     6  stm32f10x_tim.o(.text)
    TIM_GetITStatus                          0x080022fb   Thumb Code    34  stm32f10x_tim.o(.text)
    TIM_ClearITPendingBit                    0x0800231d   Thumb Code     6  stm32f10x_tim.o(.text)
    coolant_stop                             0x08002325   Thumb Code     2  coolant_control.o(.text)
    coolant_init                             0x08002327   Thumb Code     8  coolant_control.o(.text)
    coolant_set_state                        0x0800232f   Thumb Code    12  coolant_control.o(.text)
    coolant_run                              0x0800233b   Thumb Code    28  coolant_control.o(.text)
    eeprom_get_char                          0x0800235d   Thumb Code     6  eeprom.o(.text)
    eeprom_put_char                          0x08002363   Thumb Code     2  eeprom.o(.text)
    memcpy_to_eeprom_with_checksum           0x08002365   Thumb Code    62  eeprom.o(.text)
    memcpy_from_eeprom_with_checksum         0x080023a3   Thumb Code    70  eeprom.o(.text)
    gc_init                                  0x080023e9   Thumb Code    30  gcode.o(.text)
    gc_sync_position                         0x08002407   Thumb Code    14  gcode.o(.text)
    gc_execute_line                          0x0800243d   Thumb Code  4896  gcode.o(.text)
    limits_disable                           0x0800376d   Thumb Code     2  limits.o(.text)
    limits_init                              0x0800376f   Thumb Code    20  limits.o(.text)
    limits_get_state                         0x08003783   Thumb Code     4  limits.o(.text)
    limits_go_home                           0x08003787   Thumb Code   692  limits.o(.text)
    limits_soft_check                        0x08003a3b   Thumb Code   102  limits.o(.text)
    mc_line                                  0x08003ab5   Thumb Code    82  motion_control.o(.text)
    mc_arc                                   0x08003b07   Thumb Code   888  motion_control.o(.text)
    mc_dwell                                 0x08003e7f   Thumb Code   182  motion_control.o(.text)
    mc_homing_cycle                          0x08003f35   Thumb Code    42  motion_control.o(.text)
    mc_probe_cycle                           0x08003f5f   Thumb Code   182  motion_control.o(.text)
    mc_reset                                 0x08004015   Thumb Code    44  motion_control.o(.text)
    read_float                               0x08004051   Thumb Code   318  nuts_bolts.o(.text)
    delay_ms                                 0x0800418f   Thumb Code    12  nuts_bolts.o(.text)
    delay_us                                 0x0800419b   Thumb Code    12  nuts_bolts.o(.text)
    hypot_f                                  0x080041a7   Thumb Code    56  nuts_bolts.o(.text)
    plan_next_block_index                    0x080041f5   Thumb Code    12  planner.o(.text)
    plan_reset                               0x08004371   Thumb Code    34  planner.o(.text)
    plan_discard_current_block               0x08004393   Thumb Code    48  planner.o(.text)
    plan_get_current_block                   0x080043c3   Thumb Code    36  planner.o(.text)
    plan_get_exec_block_exit_speed           0x080043e7   Thumb Code    62  planner.o(.text)
    plan_check_full_buffer                   0x08004425   Thumb Code    20  planner.o(.text)
    plan_buffer_line                         0x08004439   Thumb Code   982  planner.o(.text)
    plan_sync_position                       0x0800480f   Thumb Code    28  planner.o(.text)
    plan_get_block_buffer_count              0x0800482b   Thumb Code    44  planner.o(.text)
    plan_cycle_reinitialize                  0x08004857   Thumb Code    20  planner.o(.text)
    printString                              0x08004899   Thumb Code    22  print.o(.text)
    printPgmString                           0x080048af   Thumb Code     2  print.o(.text)
    print_unsigned_int8                      0x080048b1   Thumb Code    84  print.o(.text)
    print_uint8_base2                        0x08004905   Thumb Code    16  print.o(.text)
    print_uint8_base10                       0x08004915   Thumb Code    34  print.o(.text)
    print_uint32_base10                      0x08004937   Thumb Code    76  print.o(.text)
    printInteger                             0x08004983   Thumb Code    30  print.o(.text)
    printFloat                               0x080049a1   Thumb Code   222  print.o(.text)
    printFloat_CoordValue                    0x08004a7f   Thumb Code    62  print.o(.text)
    printFloat_RateValue                     0x08004abd   Thumb Code    62  print.o(.text)
    printFloat_SettingValue                  0x08004afb   Thumb Code    14  print.o(.text)
    probe_init                               0x08004b21   Thumb Code     2  probe.o(.text)
    probe_configure_invert_mask              0x08004b23   Thumb Code    44  probe.o(.text)
    probe_get_state                          0x08004b4f   Thumb Code     2  probe.o(.text)
    probe_state_monitor                      0x08004b51   Thumb Code    48  probe.o(.text)
    protocol_execute_realtime                0x08004b95   Thumb Code   560  protocol.o(.text)
    protocol_auto_cycle_start                0x08004e15   Thumb Code     2  protocol.o(.text)
    protocol_main_loop                       0x08004e17   Thumb Code   210  protocol.o(.text)
    protocol_buffer_synchronize              0x08004ee9   Thumb Code    40  protocol.o(.text)
    report_status_message                    0x08004f25   Thumb Code   188  report.o(.text)
    report_alarm_message                     0x08004fe1   Thumb Code    82  report.o(.text)
    report_feedback_message                  0x08005033   Thumb Code   102  report.o(.text)
    report_init_message                      0x08005099   Thumb Code    10  report.o(.text)
    report_grbl_help                         0x080050a3   Thumb Code    10  report.o(.text)
    report_grbl_settings                     0x080050ad   Thumb Code  1636  report.o(.text)
    report_probe_parameters                  0x08005711   Thumb Code    76  report.o(.text)
    report_ngc_parameters                    0x0800575d   Thumb Code   204  report.o(.text)
    report_gcode_modes                       0x08005829   Thumb Code   836  report.o(.text)
    report_startup_line                      0x08005b6d   Thumb Code    42  report.o(.text)
    report_build_info                        0x08005b97   Thumb Code    26  report.o(.text)
    report_echo_line_received                0x08005bb1   Thumb Code    26  report.o(.text)
    report_realtime_status                   0x08005bcb   Thumb Code   398  report.o(.text)
    serial_get_rx_buffer_count               0x08005dfd   Thumb Code    36  serial.o(.text)
    serial_get_tx_buffer_count               0x08005e21   Thumb Code    36  serial.o(.text)
    serial_init                              0x08005e45   Thumb Code    12  serial.o(.text)
    serial_write                             0x08005e51   Thumb Code    66  serial.o(.text)
    serial_read                              0x08005e93   Thumb Code    38  serial.o(.text)
    serial_reset_read_buffer                 0x08005eb9   Thumb Code    10  serial.o(.text)
    settings_store_startup_line              0x08005ee1   Thumb Code    30  settings.o(.text)
    settings_store_build_info                0x08005eff   Thumb Code    18  settings.o(.text)
    settings_write_coord_data                0x08005f11   Thumb Code    30  settings.o(.text)
    write_global_settings                    0x08005f2f   Thumb Code    22  settings.o(.text)
    settings_restore                         0x08005f45   Thumb Code   214  settings.o(.text)
    settings_read_startup_line               0x0800601b   Thumb Code    50  settings.o(.text)
    settings_read_build_info                 0x0800604d   Thumb Code    36  settings.o(.text)
    settings_read_coord_data                 0x08006071   Thumb Code    54  settings.o(.text)
    read_global_settings                     0x080060a7   Thumb Code    38  settings.o(.text)
    settings_store_global_setting            0x080060cd   Thumb Code   692  settings.o(.text)
    settings_init                            0x08006381   Thumb Code    26  settings.o(.text)
    get_step_pin_mask                        0x0800639b   Thumb Code    20  settings.o(.text)
    get_direction_pin_mask                   0x080063af   Thumb Code    20  settings.o(.text)
    get_limit_pin_mask                       0x080063c3   Thumb Code    20  settings.o(.text)
    spindle_stop                             0x080063dd   Thumb Code     2  spindle_control.o(.text)
    spindle_init                             0x080063df   Thumb Code     8  spindle_control.o(.text)
    spindle_set_state                        0x080063e7   Thumb Code   160  spindle_control.o(.text)
    spindle_run                              0x08006487   Thumb Code    32  spindle_control.o(.text)
    st_wake_up                               0x080064c1   Thumb Code     2  stepper.o(.text)
    st_go_idle                               0x080064c3   Thumb Code     2  stepper.o(.text)
    st_generate_step_dir_invert_masks        0x080064c5   Thumb Code    86  stepper.o(.text)
    st_reset                                 0x0800651b   Thumb Code    58  stepper.o(.text)
    stepper_init                             0x08006555   Thumb Code     2  stepper.o(.text)
    st_update_plan_block_parameters          0x08006557   Thumb Code    38  stepper.o(.text)
    st_prep_buffer                           0x0800657d   Thumb Code  2306  stepper.o(.text)
    system_init                              0x08006e99   Thumb Code     2  system.o(.text)
    system_check_safety_door_ajar            0x08006e9b   Thumb Code     4  system.o(.text)
    system_execute_startup                   0x08006e9f   Thumb Code    58  system.o(.text)
    system_execute_line                      0x08006ed9   Thumb Code   878  system.o(.text)
    system_convert_axis_steps_to_mpos        0x08007247   Thumb Code    38  system.o(.text)
    system_convert_array_steps_to_mpos       0x0800726d   Thumb Code    32  system.o(.text)
    HAL_printf                               0x0800729d   Thumb Code    40  wrappers.o(.text)
    HAL_delay_ms                             0x080072c5   Thumb Code     2  wrappers.o(.text)
    HAL_delay_us                             0x080072c7   Thumb Code     2  wrappers.o(.text)
    HAL_serial_init                          0x080072c9   Thumb Code    14  wrappers.o(.text)
    HAL_serial_write                         0x080072d7   Thumb Code    16  wrappers.o(.text)
    HAL_serial_idle_isr                      0x080072e7   Thumb Code    46  wrappers.o(.text)
    HAL_serial_tx_isr                        0x08007315   Thumb Code   124  wrappers.o(.text)
    HAL_X_axis_init                          0x08007391   Thumb Code    36  wrappers.o(.text)
    HAL_Y_axis_init                          0x080073b5   Thumb Code     4  wrappers.o(.text)
    HAL_Z_axis_init                          0x080073b9   Thumb Code     4  wrappers.o(.text)
    HAL_X_axis_output                        0x080073bd   Thumb Code     6  wrappers.o(.text)
    HAL_Y_axis_output                        0x080073c3   Thumb Code     6  wrappers.o(.text)
    HAL_Z_axis_output                        0x080073c9   Thumb Code     6  wrappers.o(.text)
    HAL_create_timer                         0x080073cf   Thumb Code     6  wrappers.o(.text)
    HAL_timee1_init                          0x080073d5   Thumb Code     2  wrappers.o(.text)
    HAL_timee1_deinit                        0x080073d7   Thumb Code     2  wrappers.o(.text)
    HAL_timer1_ISR                           0x080073d9   Thumb Code     2  wrappers.o(.text)
    malloc                                   0x080073f9   Thumb Code    94  h1_alloc.o(.text)
    free                                     0x08007457   Thumb Code    78  h1_free.o(.text)
    vsprintf                                 0x080074a5   Thumb Code    32  vsprintf.o(.text)
    __2printf                                0x080074c9   Thumb Code    20  __2printf.o(.text)
    __aeabi_memclr                           0x080074e1   Thumb Code     0  rt_memclr.o(.text)
    __rt_memclr                              0x080074e1   Thumb Code    68  rt_memclr.o(.text)
    _memset                                  0x080074e5   Thumb Code     0  rt_memclr.o(.text)
    __aeabi_memclr4                          0x08007525   Thumb Code     0  rt_memclr_w.o(.text)
    __aeabi_memclr8                          0x08007525   Thumb Code     0  rt_memclr_w.o(.text)
    __rt_memclr_w                            0x08007525   Thumb Code    78  rt_memclr_w.o(.text)
    _memset_w                                0x08007529   Thumb Code     0  rt_memclr_w.o(.text)
    __use_two_region_memory                  0x08007573   Thumb Code     2  heapauxi.o(.text)
    __rt_heap_escrow                         0x08007575   Thumb Code     2  heapauxi.o(.text)
    __rt_heap_expand                         0x08007577   Thumb Code     2  heapauxi.o(.text)
    __rt_heap_descriptor                     0x08007579   Thumb Code     8  rt_heap_descriptor_intlibspace.o(.text)
    __use_no_heap                            0x08007581   Thumb Code     2  hguard.o(.text)
    __heap$guard                             0x08007583   Thumb Code     2  hguard.o(.text)
    _terminate_user_alloc                    0x08007585   Thumb Code     2  init_alloc.o(.text)
    _init_user_alloc                         0x08007587   Thumb Code     2  init_alloc.o(.text)
    __Heap_Full                              0x08007589   Thumb Code    34  init_alloc.o(.text)
    __Heap_Broken                            0x080075ab   Thumb Code     6  init_alloc.o(.text)
    _init_alloc                              0x080075b1   Thumb Code    94  init_alloc.o(.text)
    __Heap_Initialize                        0x0800760f   Thumb Code    10  h1_init.o(.text)
    __Heap_DescSize                          0x08007619   Thumb Code     4  h1_init.o(.text)
    __read_errno                             0x0800761d   Thumb Code    10  _rserrno.o(.text)
    __set_errno                              0x08007627   Thumb Code    12  _rserrno.o(.text)
    _printf_pre_padding                      0x08007633   Thumb Code    44  _printf_pad.o(.text)
    _printf_post_padding                     0x0800765f   Thumb Code    34  _printf_pad.o(.text)
    _printf_truncate_signed                  0x08007681   Thumb Code    18  _printf_truncate.o(.text)
    _printf_truncate_unsigned                0x08007693   Thumb Code    18  _printf_truncate.o(.text)
    _printf_str                              0x080076a5   Thumb Code    82  _printf_str.o(.text)
    _printf_int_dec                          0x080076f9   Thumb Code   104  _printf_dec.o(.text)
    _printf_charcount                        0x08007771   Thumb Code    40  _printf_charcount.o(.text)
    _printf_char_common                      0x080077a3   Thumb Code    32  _printf_char_common.o(.text)
    _sputc                                   0x080077c9   Thumb Code    10  _sputc.o(.text)
    _printf_char_file                        0x080077d5   Thumb Code    32  _printf_char_file.o(.text)
    _printf_wctomb                           0x080077f9   Thumb Code   182  _printf_wctomb.o(.text)
    _printf_longlong_dec                     0x080078b5   Thumb Code   108  _printf_longlong_dec.o(.text)
    _printf_longlong_oct                     0x08007931   Thumb Code    66  _printf_oct_int_ll.o(.text)
    _printf_int_oct                          0x08007973   Thumb Code    24  _printf_oct_int_ll.o(.text)
    _printf_ll_oct                           0x0800798b   Thumb Code    12  _printf_oct_int_ll.o(.text)
    _printf_longlong_hex                     0x080079a1   Thumb Code    86  _printf_hex_int_ll_ptr.o(.text)
    _printf_int_hex                          0x080079f7   Thumb Code    28  _printf_hex_int_ll_ptr.o(.text)
    _printf_ll_hex                           0x08007a13   Thumb Code    12  _printf_hex_int_ll_ptr.o(.text)
    _printf_hex_ptr                          0x08007a1f   Thumb Code    18  _printf_hex_int_ll_ptr.o(.text)
    __printf                                 0x08007a35   Thumb Code   388  __printf_flags_ss_wp.o(.text)
    __user_libspace                          0x08007bbd   Thumb Code     8  libspace.o(.text)
    __user_perproc_libspace                  0x08007bbd   Thumb Code     0  libspace.o(.text)
    __user_perthread_libspace                0x08007bbd   Thumb Code     0  libspace.o(.text)
    __aeabi_errno_addr                       0x08007bc5   Thumb Code     8  rt_errno_addr_intlibspace.o(.text)
    __errno$intlibspace                      0x08007bc5   Thumb Code     0  rt_errno_addr_intlibspace.o(.text)
    __rt_errno_addr$intlibspace              0x08007bc5   Thumb Code     0  rt_errno_addr_intlibspace.o(.text)
    __Heap_ProvideMemory                     0x08007bcd   Thumb Code    52  h1_extend.o(.text)
    _ll_udiv10                               0x08007c01   Thumb Code   138  lludiv10.o(.text)
    _printf_int_common                       0x08007c8b   Thumb Code   178  _printf_intcommon.o(.text)
    __lib_sel_fp_printf                      0x08007d3d   Thumb Code     2  _printf_fp_dec.o(.text)
    _printf_fp_dec_real                      0x08007eef   Thumb Code   620  _printf_fp_dec.o(.text)
    _printf_fp_hex_real                      0x0800815d   Thumb Code   756  _printf_fp_hex.o(.text)
    _printf_cs_common                        0x08008459   Thumb Code    20  _printf_char.o(.text)
    _printf_char                             0x0800846d   Thumb Code    16  _printf_char.o(.text)
    _printf_string                           0x0800847d   Thumb Code     8  _printf_char.o(.text)
    _printf_lcs_common                       0x08008485   Thumb Code    20  _printf_wchar.o(.text)
    _printf_wchar                            0x08008499   Thumb Code    16  _printf_wchar.o(.text)
    _printf_wstring                          0x080084a9   Thumb Code     8  _printf_wchar.o(.text)
    ferror                                   0x080084b1   Thumb Code     8  ferror.o(.text)
    _initio                                  0x080084b9   Thumb Code   210  initio.o(.text)
    _terminateio                             0x0800858b   Thumb Code    56  initio.o(.text)
    _wcrtomb                                 0x080085f1   Thumb Code    64  _wcrtomb.o(.text)
    __rt_SIGRTMEM                            0x08008631   Thumb Code    14  defsig_rtmem_outer.o(.text)
    _sys_open                                0x0800863f   Thumb Code    20  sys_io.o(.text)
    _sys_close                               0x08008653   Thumb Code    12  sys_io.o(.text)
    _sys_write                               0x0800865f   Thumb Code    16  sys_io.o(.text)
    _sys_read                                0x0800866f   Thumb Code    14  sys_io.o(.text)
    _sys_istty                               0x0800867d   Thumb Code    12  sys_io.o(.text)
    _sys_seek                                0x08008689   Thumb Code    14  sys_io.o(.text)
    _sys_ensure                              0x08008697   Thumb Code     2  sys_io.o(.text)
    _sys_flen                                0x08008699   Thumb Code    12  sys_io.o(.text)
    __I$use$semihosting                      0x080086a5   Thumb Code     0  use_no_semi.o(.text)
    __use_no_semihosting_swi                 0x080086a5   Thumb Code     2  use_no_semi.o(.text)
    __semihosting_library_function           0x080086a7   Thumb Code     0  indicate_semi.o(.text)
    __user_setup_stackheap                   0x080086a7   Thumb Code    74  sys_stackheap_outer.o(.text)
    __rt_ctype_table                         0x080086f1   Thumb Code    16  rt_ctype_table.o(.text)
    __rt_locale                              0x08008701   Thumb Code     8  rt_locale_intlibspace.o(.text)
    _printf_fp_infnan                        0x08008709   Thumb Code   112  _printf_fp_infnan.o(.text)
    _btod_etento                             0x08008789   Thumb Code   224  bigflt0.o(.text)
    __flsbuf                                 0x0800886d   Thumb Code   470  flsbuf.o(.text)
    __flsbuf_byte                            0x0800886d   Thumb Code     0  flsbuf.o(.text)
    __flsbuf_wide                            0x0800886d   Thumb Code     0  flsbuf.o(.text)
    setvbuf                                  0x08008a43   Thumb Code    70  setvbuf.o(.text)
    freopen                                  0x08008a89   Thumb Code   158  fopen.o(.text)
    fopen                                    0x08008b27   Thumb Code    74  fopen.o(.text)
    _fclose_internal                         0x08008b75   Thumb Code    76  fclose.o(.text)
    fclose                                   0x08008b75   Thumb Code     0  fclose.o(.text)
    exit                                     0x08008bc1   Thumb Code    18  exit.o(.text)
    __sig_exit                               0x08008bd3   Thumb Code    10  defsig_exit.o(.text)
    __rt_SIGRTRED                            0x08008bdd   Thumb Code    14  defsig_rtred_outer.o(.text)
    __rt_SIGRTMEM_inner                      0x08008bed   Thumb Code    22  defsig_rtmem_inner.o(.text)
    _sys_exit                                0x08008c3d   Thumb Code     8  sys_exit.o(.text)
    _fseek                                   0x08008c49   Thumb Code   242  fseek.o(.text)
    fseek                                    0x08008c49   Thumb Code     0  fseek.o(.text)
    _seterr                                  0x08008d41   Thumb Code    20  stdio.o(.text)
    _writebuf                                0x08008d55   Thumb Code    84  stdio.o(.text)
    _fflush                                  0x08008da9   Thumb Code    70  stdio.o(.text)
    _deferredlazyseek                        0x08008def   Thumb Code    60  stdio.o(.text)
    __default_signal_display                 0x08008e31   Thumb Code    50  defsig_general.o(.text)
    __rt_SIGRTRED_inner                      0x08008e65   Thumb Code    14  defsig_rtred_inner.o(.text)
    strlen                                   0x08008e99   Thumb Code    62  strlen.o(.text)
    strcmp                                   0x08008ed9   Thumb Code   128  strcmpv7m.o(.text)
    _ttywrch                                 0x08008f59   Thumb Code    14  sys_wrch.o(.text)
    _ftell_internal                          0x08008f67   Thumb Code    66  ftell.o(.text)
    ftell                                    0x08008f67   Thumb Code     0  ftell.o(.text)
    _btod_d2e                                0x08008fa9   Thumb Code    62  btod.o(CL$$btod_d2e)
    _d2e_denorm_low                          0x08008fe7   Thumb Code    70  btod.o(CL$$btod_d2e_denorm_low)
    _d2e_norm_op1                            0x0800902d   Thumb Code    96  btod.o(CL$$btod_d2e_norm_op1)
    __btod_div_common                        0x0800908d   Thumb Code   696  btod.o(CL$$btod_div_common)
    _e2e                                     0x080093c5   Thumb Code   220  btod.o(CL$$btod_e2e)
    _btod_ediv                               0x080094a1   Thumb Code    42  btod.o(CL$$btod_ediv)
    _btod_emul                               0x080094cb   Thumb Code    42  btod.o(CL$$btod_emul)
    __btod_mult_common                       0x080094f5   Thumb Code   580  btod.o(CL$$btod_mult_common)
    __ARM_fpclassify                         0x08009739   Thumb Code    40  fpclassify.o(i.__ARM_fpclassify)
    __ieee754_rem_pio2                       0x08009761   Thumb Code   828  rred.o(i.__ieee754_rem_pio2)
    __kernel_cos                             0x08009ae9   Thumb Code   230  cos_i.o(i.__kernel_cos)
    __kernel_poly                            0x08009be5   Thumb Code   170  poly.o(i.__kernel_poly)
    __kernel_sin                             0x08009c91   Thumb Code   224  sin_i.o(i.__kernel_sin)
    __mathlib_dbl_infnan                     0x08009d7d   Thumb Code     6  dunder.o(i.__mathlib_dbl_infnan)
    __mathlib_dbl_infnan2                    0x08009d83   Thumb Code     4  dunder.o(i.__mathlib_dbl_infnan2)
    __mathlib_dbl_invalid                    0x08009d87   Thumb Code    12  dunder.o(i.__mathlib_dbl_invalid)
    __mathlib_dbl_underflow                  0x08009d95   Thumb Code    10  dunder.o(i.__mathlib_dbl_underflow)
    _is_digit                                0x08009da5   Thumb Code    14  __printf_wp.o(i._is_digit)
    atan                                     0x08009db5   Thumb Code   474  atan.o(i.atan)
    atan2                                    0x08009fd5   Thumb Code   346  atan2.o(i.atan2)
    ceil                                     0x0800a155   Thumb Code   204  ceil.o(i.ceil)
    cos                                      0x0800a231   Thumb Code   148  cos.o(i.cos)
    floor                                    0x0800a2cd   Thumb Code   204  floor.o(i.floor)
    fputc                                    0x0800a3a9   Thumb Code    26  fputc.o(i.fputc)
    lround                                   0x0800a3c5   Thumb Code   170  lround.o(i.lround)
    round                                    0x0800a489   Thumb Code   136  round.o(i.round)
    sin                                      0x0800a51d   Thumb Code   150  sin.o(i.sin)
    sqrt                                     0x0800a5bd   Thumb Code    76  sqrt.o(i.sqrt)
    trunc                                    0x0800a609   Thumb Code    96  trunc.o(i.trunc)
    _get_lc_numeric                          0x0800a66d   Thumb Code    44  lc_numeric_c.o(locale$$code)
    _get_lc_ctype                            0x0800a699   Thumb Code    44  lc_ctype_c.o(locale$$code)
    __aeabi_d2f                              0x0800a6c5   Thumb Code     0  d2f.o(x$fpl$d2f)
    _d2f                                     0x0800a6c5   Thumb Code    98  d2f.o(x$fpl$d2f)
    __aeabi_dadd                             0x0800a729   Thumb Code     0  daddsub_clz.o(x$fpl$dadd)
    _dadd                                    0x0800a729   Thumb Code   332  daddsub_clz.o(x$fpl$dadd)
    __fpl_dcheck_NaN1                        0x0800a879   Thumb Code    10  dcheck1.o(x$fpl$dcheck1)
    __fpl_dcmp_Inf                           0x0800a889   Thumb Code    24  dcmpi.o(x$fpl$dcmpinf)
    __aeabi_ddiv                             0x0800a8a1   Thumb Code     0  ddiv.o(x$fpl$ddiv)
    _ddiv                                    0x0800a8a1   Thumb Code   552  ddiv.o(x$fpl$ddiv)
    __aeabi_cdcmpeq                          0x0800ab51   Thumb Code     0  deqf.o(x$fpl$deqf)
    _dcmpeq                                  0x0800ab51   Thumb Code   120  deqf.o(x$fpl$deqf)
    __aeabi_d2iz                             0x0800abc9   Thumb Code     0  dfix.o(x$fpl$dfix)
    _dfix                                    0x0800abc9   Thumb Code    94  dfix.o(x$fpl$dfix)
    _dfix_r                                  0x0800ac29   Thumb Code   134  dfix.o(x$fpl$dfixr)
    __aeabi_d2uiz                            0x0800acb1   Thumb Code     0  dfixu.o(x$fpl$dfixu)
    _dfixu                                   0x0800acb1   Thumb Code    90  dfixu.o(x$fpl$dfixu)
    __aeabi_i2d                              0x0800ad0b   Thumb Code     0  dflt_clz.o(x$fpl$dflt)
    _dflt                                    0x0800ad0b   Thumb Code    46  dflt_clz.o(x$fpl$dflt)
    __aeabi_ui2d                             0x0800ad39   Thumb Code     0  dflt_clz.o(x$fpl$dfltu)
    _dfltu                                   0x0800ad39   Thumb Code    38  dflt_clz.o(x$fpl$dfltu)
    __aeabi_cdcmple                          0x0800ad61   Thumb Code     0  dleqf.o(x$fpl$dleqf)
    _dcmple                                  0x0800ad61   Thumb Code   120  dleqf.o(x$fpl$dleqf)
    __fpl_dcmple_InfNaN                      0x0800adc3   Thumb Code     0  dleqf.o(x$fpl$dleqf)
    __aeabi_dmul                             0x0800add9   Thumb Code     0  dmul.o(x$fpl$dmul)
    _dmul                                    0x0800add9   Thumb Code   332  dmul.o(x$fpl$dmul)
    __fpl_dnaninf                            0x0800af2d   Thumb Code   156  dnaninf.o(x$fpl$dnaninf)
    __fpl_dretinf                            0x0800afc9   Thumb Code    12  dretinf.o(x$fpl$dretinf)
    __aeabi_cdrcmple                         0x0800afd5   Thumb Code     0  drleqf.o(x$fpl$drleqf)
    _drcmple                                 0x0800afd5   Thumb Code   108  drleqf.o(x$fpl$drleqf)
    _drnd                                    0x0800b041   Thumb Code   180  drnd.o(x$fpl$drnd)
    __aeabi_drsub                            0x0800b0f5   Thumb Code     0  daddsub_clz.o(x$fpl$drsb)
    _drsb                                    0x0800b0f5   Thumb Code    22  daddsub_clz.o(x$fpl$drsb)
    _dsqrt                                   0x0800b10d   Thumb Code   456  dsqrt_noumaal.o(x$fpl$dsqrt)
    __aeabi_dsub                             0x0800b2d9   Thumb Code     0  daddsub_clz.o(x$fpl$dsub)
    _dsub                                    0x0800b2d9   Thumb Code   464  daddsub_clz.o(x$fpl$dsub)
    __aeabi_f2d                              0x0800b4ad   Thumb Code     0  f2d.o(x$fpl$f2d)
    _f2d                                     0x0800b4ad   Thumb Code    86  f2d.o(x$fpl$f2d)
    __aeabi_fadd                             0x0800b505   Thumb Code     0  faddsub_clz.o(x$fpl$fadd)
    _fadd                                    0x0800b505   Thumb Code   196  faddsub_clz.o(x$fpl$fadd)
    __fpl_fcmp_Inf                           0x0800b5c9   Thumb Code    24  fcmpi.o(x$fpl$fcmpinf)
    __aeabi_fdiv                             0x0800b5e1   Thumb Code     0  fdiv.o(x$fpl$fdiv)
    _fdiv                                    0x0800b5e1   Thumb Code   384  fdiv.o(x$fpl$fdiv)
    __aeabi_cfcmpeq                          0x0800b765   Thumb Code     0  feqf.o(x$fpl$feqf)
    _fcmpeq                                  0x0800b765   Thumb Code   104  feqf.o(x$fpl$feqf)
    __aeabi_f2iz                             0x0800b7cd   Thumb Code     0  ffix.o(x$fpl$ffix)
    _ffix                                    0x0800b7cd   Thumb Code    54  ffix.o(x$fpl$ffix)
    __aeabi_f2uiz                            0x0800b805   Thumb Code     0  ffixu.o(x$fpl$ffixu)
    _ffixu                                   0x0800b805   Thumb Code    62  ffixu.o(x$fpl$ffixu)
    __aeabi_i2f                              0x0800b845   Thumb Code     0  fflt_clz.o(x$fpl$fflt)
    _fflt                                    0x0800b845   Thumb Code    48  fflt_clz.o(x$fpl$fflt)
    __aeabi_ui2f                             0x0800b875   Thumb Code     0  fflt_clz.o(x$fpl$ffltu)
    _ffltu                                   0x0800b875   Thumb Code    38  fflt_clz.o(x$fpl$ffltu)
    __aeabi_cfcmple                          0x0800b89d   Thumb Code     0  fleqf.o(x$fpl$fleqf)
    _fcmple                                  0x0800b89d   Thumb Code   104  fleqf.o(x$fpl$fleqf)
    __fpl_fcmple_InfNaN                      0x0800b8ef   Thumb Code     0  fleqf.o(x$fpl$fleqf)
    __aeabi_fmul                             0x0800b905   Thumb Code     0  fmul.o(x$fpl$fmul)
    _fmul                                    0x0800b905   Thumb Code   258  fmul.o(x$fpl$fmul)
    __fpl_fnaninf                            0x0800ba07   Thumb Code   140  fnaninf.o(x$fpl$fnaninf)
    __fpl_fretinf                            0x0800ba93   Thumb Code    10  fretinf.o(x$fpl$fretinf)
    __aeabi_cfrcmple                         0x0800ba9d   Thumb Code     0  frleqf.o(x$fpl$frleqf)
    _frcmple                                 0x0800ba9d   Thumb Code    98  frleqf.o(x$fpl$frleqf)
    __aeabi_frsub                            0x0800baff   Thumb Code     0  faddsub_clz.o(x$fpl$frsb)
    _frsb                                    0x0800baff   Thumb Code    20  faddsub_clz.o(x$fpl$frsb)
    __aeabi_fsub                             0x0800bb15   Thumb Code     0  faddsub_clz.o(x$fpl$fsub)
    _fsub                                    0x0800bb15   Thumb Code   234  faddsub_clz.o(x$fpl$fsub)
    _printf_fp_dec                           0x0800bbff   Thumb Code     4  printf1.o(x$fpl$printf1)
    _printf_fp_hex                           0x0800bc03   Thumb Code     4  printf2.o(x$fpl$printf2)
    __fpl_return_NaN                         0x0800bc07   Thumb Code   100  retnan.o(x$fpl$retnan)
    __ARM_scalbn                             0x0800bc6b   Thumb Code    92  scalbn.o(x$fpl$scalbn)
    __fpl_cmpreturn                          0x0800bcc7   Thumb Code    48  trapv.o(x$fpl$trapveneer)
    __I$use$fp                               0x0800bcf6   Number         0  usenofp.o(x$fpl$usenofp)
    __mathlib_zero                           0x0800be08   Data           8  qnan.o(.constdata)
    __stdin_name                             0x0800bf26   Data           4  sys_io.o(.constdata)
    __stdout_name                            0x0800bf2a   Data           4  sys_io.o(.constdata)
    __stderr_name                            0x0800bf2e   Data           4  sys_io.o(.constdata)
    Region$$Table$$Base                      0x0800c10c   Number         0  anon$$obj.o(Region$$Table)
    Region$$Table$$Limit                     0x0800c12c   Number         0  anon$$obj.o(Region$$Table)
    __ctype                                  0x0800c155   Data           0  lc_ctype_c.o(locale$$data)
    SystemCoreClock                          0x20000000   Data           4  system_stm32f10x.o(.data)
    AHBPrescTable                            0x20000004   Data          16  system_stm32f10x.o(.data)
    USART_RX_STA                             0x2000001a   Data           2  usart.o(.data)
    probe_invert_mask                        0x20000034   Data           1  probe.o(.data)
    serial_rx_buffer_head                    0x20000035   Data           1  serial.o(.data)
    serial_rx_buffer_tail                    0x20000036   Data           1  serial.o(.data)
    serial_tx_buffer_head                    0x20000037   Data           1  serial.o(.data)
    serial_tx_buffer_tail                    0x20000038   Data           1  serial.o(.data)
    busy                                     0x20000041   Data           1  stepper.o(.data)
    sys_probe_state                          0x2000004c   Data           1  system.o(.data)
    sys_rt_exec_state                        0x2000004d   Data           1  system.o(.data)
    sys_rt_exec_alarm                        0x2000004e   Data           1  system.o(.data)
    __aeabi_stdin                            0x20000050   Data           4  stdio_streams.o(.data)
    __aeabi_stdout                           0x20000054   Data           4  stdio_streams.o(.data)
    __aeabi_stderr                           0x20000058   Data           4  stdio_streams.o(.data)
    USART_RX_BUF                             0x2000005c   Data         200  usart.o(.bss)
    gc_state                                 0x20000124   Data          68  gcode.o(.bss)
    gc_block                                 0x20000168   Data          64  gcode.o(.bss)
    sys                                      0x200001a8   Data          32  main_1.o(.bss)
    serial_rx_buffer                         0x2000054c   Data         128  serial.o(.bss)
    serial_tx_buffer                         0x200005cc   Data          64  serial.o(.bss)
    settings                                 0x2000060c   Data          84  settings.o(.bss)
    uart_tx_buff                             0x2000074c   Data        1024  wrappers.o(.bss)
    __stdin                                  0x20000b4c   Data          84  stdio_streams.o(.bss)
    __stdout                                 0x20000ba0   Data          84  stdio_streams.o(.bss)
    __stderr                                 0x20000bf4   Data          84  stdio_streams.o(.bss)
    __libspace_start                         0x20000c48   Data          96  libspace.o(.bss)
    __temporary_stack_top$libspace           0x20000ca8   Data           0  libspace.o(.bss)



==============================================================================

Memory Map of the image

  Image Entry point : 0x08000131

  Load Region LR_IROM1 (Base: 0x08000000, Size: 0x0000c2b4, Max: 0x00080000, ABSOLUTE)

    Execution Region ER_IROM1 (Exec base: 0x08000000, Load base: 0x08000000, Size: 0x0000c258, Max: 0x00080000, ABSOLUTE)

    Exec Addr    Load Addr    Size         Type   Attr      Idx    E Section Name        Object

    0x08000000   0x08000000   0x00000130   Data   RO          383    RESET               startup_stm32f10x_hd.o
    0x08000130   0x08000130   0x00000008   Code   RO          891  * !!!main             c_w.l(__main.o)
    0x08000138   0x08000138   0x00000034   Code   RO         1518    !!!scatter          c_w.l(__scatter.o)
    0x0800016c   0x0800016c   0x0000001a   Code   RO         1520    !!handler_copy      c_w.l(__scatter_copy.o)
    0x08000186   0x08000186   0x00000002   PAD
    0x08000188   0x08000188   0x0000001c   Code   RO         1522    !!handler_zi        c_w.l(__scatter_zi.o)
    0x080001a4   0x080001a4   0x00000000   Code   RO         1122    .ARM.Collect$$_printf_percent$$00000000  c_w.l(_printf_percent.o)
    0x080001a4   0x080001a4   0x00000006   Code   RO         1111    .ARM.Collect$$_printf_percent$$00000001  c_w.l(_printf_n.o)
    0x080001aa   0x080001aa   0x00000006   Code   RO         1113    .ARM.Collect$$_printf_percent$$00000002  c_w.l(_printf_p.o)
    0x080001b0   0x080001b0   0x00000006   Code   RO         1118    .ARM.Collect$$_printf_percent$$00000003  c_w.l(_printf_f.o)
    0x080001b6   0x080001b6   0x00000006   Code   RO         1119    .ARM.Collect$$_printf_percent$$00000004  c_w.l(_printf_e.o)
    0x080001bc   0x080001bc   0x00000006   Code   RO         1120    .ARM.Collect$$_printf_percent$$00000005  c_w.l(_printf_g.o)
    0x080001c2   0x080001c2   0x00000006   Code   RO         1121    .ARM.Collect$$_printf_percent$$00000006  c_w.l(_printf_a.o)
    0x080001c8   0x080001c8   0x0000000a   Code   RO         1126    .ARM.Collect$$_printf_percent$$00000007  c_w.l(_printf_ll.o)
    0x080001d2   0x080001d2   0x00000006   Code   RO         1115    .ARM.Collect$$_printf_percent$$00000008  c_w.l(_printf_i.o)
    0x080001d8   0x080001d8   0x00000006   Code   RO         1116    .ARM.Collect$$_printf_percent$$00000009  c_w.l(_printf_d.o)
    0x080001de   0x080001de   0x00000006   Code   RO         1117    .ARM.Collect$$_printf_percent$$0000000A  c_w.l(_printf_u.o)
    0x080001e4   0x080001e4   0x00000006   Code   RO         1114    .ARM.Collect$$_printf_percent$$0000000B  c_w.l(_printf_o.o)
    0x080001ea   0x080001ea   0x00000006   Code   RO         1112    .ARM.Collect$$_printf_percent$$0000000C  c_w.l(_printf_x.o)
    0x080001f0   0x080001f0   0x00000006   Code   RO         1123    .ARM.Collect$$_printf_percent$$0000000D  c_w.l(_printf_lli.o)
    0x080001f6   0x080001f6   0x00000006   Code   RO         1124    .ARM.Collect$$_printf_percent$$0000000E  c_w.l(_printf_lld.o)
    0x080001fc   0x080001fc   0x00000006   Code   RO         1125    .ARM.Collect$$_printf_percent$$0000000F  c_w.l(_printf_llu.o)
    0x08000202   0x08000202   0x00000006   Code   RO         1130    .ARM.Collect$$_printf_percent$$00000010  c_w.l(_printf_llo.o)
    0x08000208   0x08000208   0x00000006   Code   RO         1131    .ARM.Collect$$_printf_percent$$00000011  c_w.l(_printf_llx.o)
    0x0800020e   0x0800020e   0x0000000a   Code   RO         1127    .ARM.Collect$$_printf_percent$$00000012  c_w.l(_printf_l.o)
    0x08000218   0x08000218   0x00000006   Code   RO         1109    .ARM.Collect$$_printf_percent$$00000013  c_w.l(_printf_c.o)
    0x0800021e   0x0800021e   0x00000006   Code   RO         1110    .ARM.Collect$$_printf_percent$$00000014  c_w.l(_printf_s.o)
    0x08000224   0x08000224   0x00000006   Code   RO         1128    .ARM.Collect$$_printf_percent$$00000015  c_w.l(_printf_lc.o)
    0x0800022a   0x0800022a   0x00000006   Code   RO         1129    .ARM.Collect$$_printf_percent$$00000016  c_w.l(_printf_ls.o)
    0x08000230   0x08000230   0x00000004   Code   RO         1299    .ARM.Collect$$_printf_percent$$00000017  c_w.l(_printf_percent_end.o)
    0x08000234   0x08000234   0x00000002   Code   RO         1416    .ARM.Collect$$libinit$$00000000  c_w.l(libinit.o)
    0x08000236   0x08000236   0x00000000   Code   RO         1143    .ARM.Collect$$libinit$$00000002  c_w.l(libinit2.o)
    0x08000236   0x08000236   0x00000000   Code   RO         1145    .ARM.Collect$$libinit$$00000004  c_w.l(libinit2.o)
    0x08000236   0x08000236   0x00000008   Code   RO         1146    .ARM.Collect$$libinit$$00000005  c_w.l(libinit2.o)
    0x0800023e   0x0800023e   0x00000000   Code   RO         1148    .ARM.Collect$$libinit$$0000000A  c_w.l(libinit2.o)
    0x0800023e   0x0800023e   0x00000000   Code   RO         1150    .ARM.Collect$$libinit$$0000000C  c_w.l(libinit2.o)
    0x0800023e   0x0800023e   0x00000000   Code   RO         1152    .ARM.Collect$$libinit$$0000000E  c_w.l(libinit2.o)
    0x0800023e   0x0800023e   0x00000006   Code   RO         1153    .ARM.Collect$$libinit$$0000000F  c_w.l(libinit2.o)
    0x08000244   0x08000244   0x00000000   Code   RO         1155    .ARM.Collect$$libinit$$00000011  c_w.l(libinit2.o)
    0x08000244   0x08000244   0x0000000c   Code   RO         1156    .ARM.Collect$$libinit$$00000012  c_w.l(libinit2.o)
    0x08000250   0x08000250   0x00000000   Code   RO         1157    .ARM.Collect$$libinit$$00000013  c_w.l(libinit2.o)
    0x08000250   0x08000250   0x00000000   Code   RO         1159    .ARM.Collect$$libinit$$00000015  c_w.l(libinit2.o)
    0x08000250   0x08000250   0x0000000a   Code   RO         1160    .ARM.Collect$$libinit$$00000016  c_w.l(libinit2.o)
    0x0800025a   0x0800025a   0x00000000   Code   RO         1161    .ARM.Collect$$libinit$$00000017  c_w.l(libinit2.o)
    0x0800025a   0x0800025a   0x00000000   Code   RO         1163    .ARM.Collect$$libinit$$00000019  c_w.l(libinit2.o)
    0x0800025a   0x0800025a   0x00000000   Code   RO         1165    .ARM.Collect$$libinit$$0000001B  c_w.l(libinit2.o)
    0x0800025a   0x0800025a   0x00000000   Code   RO         1167    .ARM.Collect$$libinit$$0000001D  c_w.l(libinit2.o)
    0x0800025a   0x0800025a   0x00000000   Code   RO         1169    .ARM.Collect$$libinit$$0000001F  c_w.l(libinit2.o)
    0x0800025a   0x0800025a   0x00000000   Code   RO         1171    .ARM.Collect$$libinit$$00000021  c_w.l(libinit2.o)
    0x0800025a   0x0800025a   0x00000000   Code   RO         1173    .ARM.Collect$$libinit$$00000023  c_w.l(libinit2.o)
    0x0800025a   0x0800025a   0x00000004   Code   RO         1174    .ARM.Collect$$libinit$$00000024  c_w.l(libinit2.o)
    0x0800025e   0x0800025e   0x00000000   Code   RO         1175    .ARM.Collect$$libinit$$00000025  c_w.l(libinit2.o)
    0x0800025e   0x0800025e   0x00000000   Code   RO         1179    .ARM.Collect$$libinit$$0000002C  c_w.l(libinit2.o)
    0x0800025e   0x0800025e   0x00000000   Code   RO         1181    .ARM.Collect$$libinit$$0000002E  c_w.l(libinit2.o)
    0x0800025e   0x0800025e   0x00000000   Code   RO         1183    .ARM.Collect$$libinit$$00000030  c_w.l(libinit2.o)
    0x0800025e   0x0800025e   0x00000000   Code   RO         1185    .ARM.Collect$$libinit$$00000032  c_w.l(libinit2.o)
    0x0800025e   0x0800025e   0x00000002   Code   RO         1186    .ARM.Collect$$libinit$$00000033  c_w.l(libinit2.o)
    0x08000260   0x08000260   0x00000002   Code   RO         1515    .ARM.Collect$$libshutdown$$00000000  c_w.l(libshutdown.o)
    0x08000262   0x08000262   0x00000000   Code   RO         1418    .ARM.Collect$$libshutdown$$00000002  c_w.l(libshutdown2.o)
    0x08000262   0x08000262   0x00000004   Code   RO         1419    .ARM.Collect$$libshutdown$$00000003  c_w.l(libshutdown2.o)
    0x08000266   0x08000266   0x00000000   Code   RO         1420    .ARM.Collect$$libshutdown$$00000004  c_w.l(libshutdown2.o)
    0x08000266   0x08000266   0x00000000   Code   RO         1423    .ARM.Collect$$libshutdown$$00000007  c_w.l(libshutdown2.o)
    0x08000266   0x08000266   0x00000000   Code   RO         1426    .ARM.Collect$$libshutdown$$0000000A  c_w.l(libshutdown2.o)
    0x08000266   0x08000266   0x00000000   Code   RO         1428    .ARM.Collect$$libshutdown$$0000000C  c_w.l(libshutdown2.o)
    0x08000266   0x08000266   0x00000000   Code   RO         1431    .ARM.Collect$$libshutdown$$0000000F  c_w.l(libshutdown2.o)
    0x08000266   0x08000266   0x00000002   Code   RO         1432    .ARM.Collect$$libshutdown$$00000010  c_w.l(libshutdown2.o)
    0x08000268   0x08000268   0x00000000   Code   RO         1011    .ARM.Collect$$rtentry$$00000000  c_w.l(__rtentry.o)
    0x08000268   0x08000268   0x00000000   Code   RO         1257    .ARM.Collect$$rtentry$$00000002  c_w.l(__rtentry2.o)
    0x08000268   0x08000268   0x00000006   Code   RO         1269    .ARM.Collect$$rtentry$$00000004  c_w.l(__rtentry4.o)
    0x0800026e   0x0800026e   0x00000000   Code   RO         1259    .ARM.Collect$$rtentry$$00000009  c_w.l(__rtentry2.o)
    0x0800026e   0x0800026e   0x00000004   Code   RO         1260    .ARM.Collect$$rtentry$$0000000A  c_w.l(__rtentry2.o)
    0x08000272   0x08000272   0x00000000   Code   RO         1262    .ARM.Collect$$rtentry$$0000000C  c_w.l(__rtentry2.o)
    0x08000272   0x08000272   0x00000008   Code   RO         1263    .ARM.Collect$$rtentry$$0000000D  c_w.l(__rtentry2.o)
    0x0800027a   0x0800027a   0x00000002   Code   RO         1441    .ARM.Collect$$rtexit$$00000000  c_w.l(rtexit.o)
    0x0800027c   0x0800027c   0x00000000   Code   RO         1477    .ARM.Collect$$rtexit$$00000002  c_w.l(rtexit2.o)
    0x0800027c   0x0800027c   0x00000004   Code   RO         1478    .ARM.Collect$$rtexit$$00000003  c_w.l(rtexit2.o)
    0x08000280   0x08000280   0x00000006   Code   RO         1479    .ARM.Collect$$rtexit$$00000004  c_w.l(rtexit2.o)
    0x08000286   0x08000286   0x00000002   PAD
    0x08000288   0x08000288   0x00000000   Code   RO         1278    .emb_text           c_w.l(maybetermalloc1.o)
    0x08000288   0x08000288   0x000000b0   Code   RO            1    .text               main.o
    0x08000338   0x08000338   0x0000001a   Code   RO          124    .text               stm32f10x_it.o
    0x08000352   0x08000352   0x00000002   PAD
    0x08000354   0x08000354   0x000001e0   Code   RO          222    .text               system_stm32f10x.o
    0x08000534   0x08000534   0x0000004c   Code   RO          240    .text               led.o
    0x08000580   0x08000580   0x000000fc   Code   RO          284    .text               key.o
    0x0800067c   0x0800067c   0x00000088   Code   RO          303    .text               timer.o
    0x08000704   0x08000704   0x000000d4   Code   RO          318    .text               delay.o
    0x080007d8   0x080007d8   0x0000010c   Code   RO          349    .text               usart.o
    0x080008e4   0x080008e4   0x00000040   Code   RO          384    .text               startup_stm32f10x_hd.o
    0x08000924   0x08000924   0x000000dc   Code   RO          388    .text               misc.o
    0x08000a00   0x08000a00   0x0000035c   Code   RO          400    .text               stm32f10x_gpio.o
    0x08000d5c   0x08000d5c   0x000003a4   Code   RO          412    .text               stm32f10x_rcc.o
    0x08001100   0x08001100   0x00000408   Code   RO          426    .text               stm32f10x_usart.o
    0x08001508   0x08001508   0x00000e1a   Code   RO          438    .text               stm32f10x_tim.o
    0x08002322   0x08002322   0x00000002   PAD
    0x08002324   0x08002324   0x00000038   Code   RO          450    .text               coolant_control.o
    0x0800235c   0x0800235c   0x0000008c   Code   RO          547    .text               eeprom.o
    0x080023e8   0x080023e8   0x00001384   Code   RO          559    .text               gcode.o
    0x0800376c   0x0800376c   0x00000348   Code   RO          577    .text               limits.o
    0x08003ab4   0x08003ab4   0x0000059c   Code   RO          608    .text               motion_control.o
    0x08004050   0x08004050   0x000001a4   Code   RO          620    .text               nuts_bolts.o
    0x080041f4   0x080041f4   0x000006a4   Code   RO          632    .text               planner.o
    0x08004898   0x08004898   0x00000288   Code   RO          647    .text               print.o
    0x08004b20   0x08004b20   0x00000074   Code   RO          659    .text               probe.o
    0x08004b94   0x08004b94   0x00000390   Code   RO          674    .text               protocol.o
    0x08004f24   0x08004f24   0x00000ed8   Code   RO          688    .text               report.o
    0x08005dfc   0x08005dfc   0x000000e4   Code   RO          701    .text               serial.o
    0x08005ee0   0x08005ee0   0x000004fc   Code   RO          717    .text               settings.o
    0x080063dc   0x080063dc   0x000000e4   Code   RO          735    .text               spindle_control.o
    0x080064c0   0x080064c0   0x000009d8   Code   RO          747    .text               stepper.o
    0x08006e98   0x08006e98   0x00000404   Code   RO          763    .text               system.o
    0x0800729c   0x0800729c   0x0000015c   Code   RO          782    .text               wrappers.o
    0x080073f8   0x080073f8   0x0000005e   Code   RO          821    .text               c_w.l(h1_alloc.o)
    0x08007456   0x08007456   0x0000004e   Code   RO          823    .text               c_w.l(h1_free.o)
    0x080074a4   0x080074a4   0x00000024   Code   RO          879    .text               c_w.l(vsprintf.o)
    0x080074c8   0x080074c8   0x00000018   Code   RO          881    .text               c_w.l(__2printf.o)
    0x080074e0   0x080074e0   0x00000044   Code   RO          885    .text               c_w.l(rt_memclr.o)
    0x08007524   0x08007524   0x0000004e   Code   RO          887    .text               c_w.l(rt_memclr_w.o)
    0x08007572   0x08007572   0x00000006   Code   RO          889    .text               c_w.l(heapauxi.o)
    0x08007578   0x08007578   0x00000008   Code   RO         1015    .text               c_w.l(rt_heap_descriptor_intlibspace.o)
    0x08007580   0x08007580   0x00000004   Code   RO         1017    .text               c_w.l(hguard.o)
    0x08007584   0x08007584   0x0000008a   Code   RO         1019    .text               c_w.l(init_alloc.o)
    0x0800760e   0x0800760e   0x0000000e   Code   RO         1023    .text               c_w.l(h1_init.o)
    0x0800761c   0x0800761c   0x00000016   Code   RO         1037    .text               c_w.l(_rserrno.o)
    0x08007632   0x08007632   0x0000004e   Code   RO         1041    .text               c_w.l(_printf_pad.o)
    0x08007680   0x08007680   0x00000024   Code   RO         1043    .text               c_w.l(_printf_truncate.o)
    0x080076a4   0x080076a4   0x00000052   Code   RO         1045    .text               c_w.l(_printf_str.o)
    0x080076f6   0x080076f6   0x00000002   PAD
    0x080076f8   0x080076f8   0x00000078   Code   RO         1047    .text               c_w.l(_printf_dec.o)
    0x08007770   0x08007770   0x00000028   Code   RO         1049    .text               c_w.l(_printf_charcount.o)
    0x08007798   0x08007798   0x00000030   Code   RO         1051    .text               c_w.l(_printf_char_common.o)
    0x080077c8   0x080077c8   0x0000000a   Code   RO         1053    .text               c_w.l(_sputc.o)
    0x080077d2   0x080077d2   0x00000002   PAD
    0x080077d4   0x080077d4   0x00000024   Code   RO         1055    .text               c_w.l(_printf_char_file.o)
    0x080077f8   0x080077f8   0x000000bc   Code   RO         1057    .text               c_w.l(_printf_wctomb.o)
    0x080078b4   0x080078b4   0x0000007c   Code   RO         1060    .text               c_w.l(_printf_longlong_dec.o)
    0x08007930   0x08007930   0x00000070   Code   RO         1066    .text               c_w.l(_printf_oct_int_ll.o)
    0x080079a0   0x080079a0   0x00000094   Code   RO         1086    .text               c_w.l(_printf_hex_int_ll_ptr.o)
    0x08007a34   0x08007a34   0x00000188   Code   RO         1106    .text               c_w.l(__printf_flags_ss_wp.o)
    0x08007bbc   0x08007bbc   0x00000008   Code   RO         1253    .text               c_w.l(libspace.o)
    0x08007bc4   0x08007bc4   0x00000008   Code   RO         1274    .text               c_w.l(rt_errno_addr_intlibspace.o)
    0x08007bcc   0x08007bcc   0x00000034   Code   RO         1280    .text               c_w.l(h1_extend.o)
    0x08007c00   0x08007c00   0x0000008a   Code   RO         1284    .text               c_w.l(lludiv10.o)
    0x08007c8a   0x08007c8a   0x000000b2   Code   RO         1286    .text               c_w.l(_printf_intcommon.o)
    0x08007d3c   0x08007d3c   0x0000041e   Code   RO         1288    .text               c_w.l(_printf_fp_dec.o)
    0x0800815a   0x0800815a   0x00000002   PAD
    0x0800815c   0x0800815c   0x000002fc   Code   RO         1290    .text               c_w.l(_printf_fp_hex.o)
    0x08008458   0x08008458   0x0000002c   Code   RO         1295    .text               c_w.l(_printf_char.o)
    0x08008484   0x08008484   0x0000002c   Code   RO         1297    .text               c_w.l(_printf_wchar.o)
    0x080084b0   0x080084b0   0x00000008   Code   RO         1300    .text               c_w.l(ferror.o)
    0x080084b8   0x080084b8   0x00000138   Code   RO         1306    .text               c_w.l(initio.o)
    0x080085f0   0x080085f0   0x00000040   Code   RO         1314    .text               c_w.l(_wcrtomb.o)
    0x08008630   0x08008630   0x0000000e   Code   RO         1316    .text               c_w.l(defsig_rtmem_outer.o)
    0x0800863e   0x0800863e   0x00000066   Code   RO         1333    .text               c_w.l(sys_io.o)
    0x080086a4   0x080086a4   0x00000002   Code   RO         1338    .text               c_w.l(use_no_semi.o)
    0x080086a6   0x080086a6   0x00000000   Code   RO         1340    .text               c_w.l(indicate_semi.o)
    0x080086a6   0x080086a6   0x0000004a   Code   RO         1341    .text               c_w.l(sys_stackheap_outer.o)
    0x080086f0   0x080086f0   0x00000010   Code   RO         1343    .text               c_w.l(rt_ctype_table.o)
    0x08008700   0x08008700   0x00000008   Code   RO         1350    .text               c_w.l(rt_locale_intlibspace.o)
    0x08008708   0x08008708   0x00000080   Code   RO         1354    .text               c_w.l(_printf_fp_infnan.o)
    0x08008788   0x08008788   0x000000e4   Code   RO         1356    .text               c_w.l(bigflt0.o)
    0x0800886c   0x0800886c   0x000001d6   Code   RO         1381    .text               c_w.l(flsbuf.o)
    0x08008a42   0x08008a42   0x00000046   Code   RO         1383    .text               c_w.l(setvbuf.o)
    0x08008a88   0x08008a88   0x000000ec   Code   RO         1386    .text               c_w.l(fopen.o)
    0x08008b74   0x08008b74   0x0000004c   Code   RO         1388    .text               c_w.l(fclose.o)
    0x08008bc0   0x08008bc0   0x00000012   Code   RO         1397    .text               c_w.l(exit.o)
    0x08008bd2   0x08008bd2   0x0000000a   Code   RO         1399    .text               c_w.l(defsig_exit.o)
    0x08008bdc   0x08008bdc   0x0000000e   Code   RO         1401    .text               c_w.l(defsig_rtred_outer.o)
    0x08008bea   0x08008bea   0x00000002   PAD
    0x08008bec   0x08008bec   0x00000050   Code   RO         1405    .text               c_w.l(defsig_rtmem_inner.o)
    0x08008c3c   0x08008c3c   0x0000000c   Code   RO         1439    .text               c_w.l(sys_exit.o)
    0x08008c48   0x08008c48   0x000000f8   Code   RO         1449    .text               c_w.l(fseek.o)
    0x08008d40   0x08008d40   0x000000f0   Code   RO         1451    .text               c_w.l(stdio.o)
    0x08008e30   0x08008e30   0x00000032   Code   RO         1462    .text               c_w.l(defsig_general.o)
    0x08008e62   0x08008e62   0x00000002   PAD
    0x08008e64   0x08008e64   0x00000034   Code   RO         1464    .text               c_w.l(defsig_rtred_inner.o)
    0x08008e98   0x08008e98   0x0000003e   Code   RO         1468    .text               c_w.l(strlen.o)
    0x08008ed6   0x08008ed6   0x00000002   PAD
    0x08008ed8   0x08008ed8   0x00000080   Code   RO         1470    .text               c_w.l(strcmpv7m.o)
    0x08008f58   0x08008f58   0x0000000e   Code   RO         1474    .text               c_w.l(sys_wrch.o)
    0x08008f66   0x08008f66   0x00000042   Code   RO         1487    .text               c_w.l(ftell.o)
    0x08008fa8   0x08008fa8   0x0000003e   Code   RO         1359    CL$$btod_d2e        c_w.l(btod.o)
    0x08008fe6   0x08008fe6   0x00000046   Code   RO         1361    CL$$btod_d2e_denorm_low  c_w.l(btod.o)
    0x0800902c   0x0800902c   0x00000060   Code   RO         1360    CL$$btod_d2e_norm_op1  c_w.l(btod.o)
    0x0800908c   0x0800908c   0x00000338   Code   RO         1369    CL$$btod_div_common  c_w.l(btod.o)
    0x080093c4   0x080093c4   0x000000dc   Code   RO         1366    CL$$btod_e2e        c_w.l(btod.o)
    0x080094a0   0x080094a0   0x0000002a   Code   RO         1363    CL$$btod_ediv       c_w.l(btod.o)
    0x080094ca   0x080094ca   0x0000002a   Code   RO         1362    CL$$btod_emul       c_w.l(btod.o)
    0x080094f4   0x080094f4   0x00000244   Code   RO         1368    CL$$btod_mult_common  c_w.l(btod.o)
    0x08009738   0x08009738   0x00000028   Code   RO         1329    i.__ARM_fpclassify  m_ws.l(fpclassify.o)
    0x08009760   0x08009760   0x00000388   Code   RO         1240    i.__ieee754_rem_pio2  m_ws.l(rred.o)
    0x08009ae8   0x08009ae8   0x000000fc   Code   RO         1222    i.__kernel_cos      m_ws.l(cos_i.o)
    0x08009be4   0x08009be4   0x000000aa   Code   RO         1331    i.__kernel_poly     m_ws.l(poly.o)
    0x08009c8e   0x08009c8e   0x00000002   PAD
    0x08009c90   0x08009c90   0x000000ec   Code   RO         1245    i.__kernel_sin      m_ws.l(sin_i.o)
    0x08009d7c   0x08009d7c   0x00000006   Code   RO         1226    i.__mathlib_dbl_infnan  m_ws.l(dunder.o)
    0x08009d82   0x08009d82   0x00000004   Code   RO         1227    i.__mathlib_dbl_infnan2  m_ws.l(dunder.o)
    0x08009d86   0x08009d86   0x0000000c   Code   RO         1228    i.__mathlib_dbl_invalid  m_ws.l(dunder.o)
    0x08009d92   0x08009d92   0x00000002   PAD
    0x08009d94   0x08009d94   0x00000010   Code   RO         1231    i.__mathlib_dbl_underflow  m_ws.l(dunder.o)
    0x08009da4   0x08009da4   0x0000000e   Code   RO         1099    i._is_digit         c_w.l(__printf_wp.o)
    0x08009db2   0x08009db2   0x00000002   PAD
    0x08009db4   0x08009db4   0x00000220   Code   RO         1213    i.atan              m_ws.l(atan.o)
    0x08009fd4   0x08009fd4   0x00000180   Code   RO          962    i.atan2             m_ws.l(atan2.o)
    0x0800a154   0x0800a154   0x000000dc   Code   RO          970    i.ceil              m_ws.l(ceil.o)
    0x0800a230   0x0800a230   0x0000009c   Code   RO          974    i.cos               m_ws.l(cos.o)
    0x0800a2cc   0x0800a2cc   0x000000dc   Code   RO          982    i.floor             m_ws.l(floor.o)
    0x0800a3a8   0x0800a3a8   0x0000001a   Code   RO         1303    i.fputc             c_w.l(fputc.o)
    0x0800a3c2   0x0800a3c2   0x00000002   PAD
    0x0800a3c4   0x0800a3c4   0x000000c4   Code   RO         1005    i.lround            m_ws.l(lround.o)
    0x0800a488   0x0800a488   0x00000094   Code   RO          985    i.round             m_ws.l(round.o)
    0x0800a51c   0x0800a51c   0x000000a0   Code   RO          988    i.sin               m_ws.l(sin.o)
    0x0800a5bc   0x0800a5bc   0x0000004c   Code   RO          996    i.sqrt              m_ws.l(sqrt.o)
    0x0800a608   0x0800a608   0x00000064   Code   RO         1003    i.trunc             m_ws.l(trunc.o)
    0x0800a66c   0x0800a66c   0x0000002c   Code   RO         1395    locale$$code        c_w.l(lc_numeric_c.o)
    0x0800a698   0x0800a698   0x0000002c   Code   RO         1458    locale$$code        c_w.l(lc_ctype_c.o)
    0x0800a6c4   0x0800a6c4   0x00000062   Code   RO          893    x$fpl$d2f           fz_ws.l(d2f.o)
    0x0800a726   0x0800a726   0x00000002   PAD
    0x0800a728   0x0800a728   0x00000150   Code   RO          895    x$fpl$dadd          fz_ws.l(daddsub_clz.o)
    0x0800a878   0x0800a878   0x00000010   Code   RO         1435    x$fpl$dcheck1       fz_ws.l(dcheck1.o)
    0x0800a888   0x0800a888   0x00000018   Code   RO         1187    x$fpl$dcmpinf       fz_ws.l(dcmpi.o)
    0x0800a8a0   0x0800a8a0   0x000002b0   Code   RO          902    x$fpl$ddiv          fz_ws.l(ddiv.o)
    0x0800ab50   0x0800ab50   0x00000078   Code   RO          905    x$fpl$deqf          fz_ws.l(deqf.o)
    0x0800abc8   0x0800abc8   0x0000005e   Code   RO          907    x$fpl$dfix          fz_ws.l(dfix.o)
    0x0800ac26   0x0800ac26   0x00000002   PAD
    0x0800ac28   0x0800ac28   0x00000086   Code   RO          908    x$fpl$dfixr         fz_ws.l(dfix.o)
    0x0800acae   0x0800acae   0x00000002   PAD
    0x0800acb0   0x0800acb0   0x0000005a   Code   RO          911    x$fpl$dfixu         fz_ws.l(dfixu.o)
    0x0800ad0a   0x0800ad0a   0x0000002e   Code   RO          916    x$fpl$dflt          fz_ws.l(dflt_clz.o)
    0x0800ad38   0x0800ad38   0x00000026   Code   RO          915    x$fpl$dfltu         fz_ws.l(dflt_clz.o)
    0x0800ad5e   0x0800ad5e   0x00000002   PAD
    0x0800ad60   0x0800ad60   0x00000078   Code   RO          921    x$fpl$dleqf         fz_ws.l(dleqf.o)
    0x0800add8   0x0800add8   0x00000154   Code   RO          923    x$fpl$dmul          fz_ws.l(dmul.o)
    0x0800af2c   0x0800af2c   0x0000009c   Code   RO         1189    x$fpl$dnaninf       fz_ws.l(dnaninf.o)
    0x0800afc8   0x0800afc8   0x0000000c   Code   RO         1191    x$fpl$dretinf       fz_ws.l(dretinf.o)
    0x0800afd4   0x0800afd4   0x0000006c   Code   RO          925    x$fpl$drleqf        fz_ws.l(drleqf.o)
    0x0800b040   0x0800b040   0x000000b4   Code   RO         1193    x$fpl$drnd          fz_ws.l(drnd.o)
    0x0800b0f4   0x0800b0f4   0x00000016   Code   RO          896    x$fpl$drsb          fz_ws.l(daddsub_clz.o)
    0x0800b10a   0x0800b10a   0x00000002   PAD
    0x0800b10c   0x0800b10c   0x000001cc   Code   RO         1195    x$fpl$dsqrt         fz_ws.l(dsqrt_noumaal.o)
    0x0800b2d8   0x0800b2d8   0x000001d4   Code   RO          897    x$fpl$dsub          fz_ws.l(daddsub_clz.o)
    0x0800b4ac   0x0800b4ac   0x00000056   Code   RO          927    x$fpl$f2d           fz_ws.l(f2d.o)
    0x0800b502   0x0800b502   0x00000002   PAD
    0x0800b504   0x0800b504   0x000000c4   Code   RO          929    x$fpl$fadd          fz_ws.l(faddsub_clz.o)
    0x0800b5c8   0x0800b5c8   0x00000018   Code   RO         1197    x$fpl$fcmpinf       fz_ws.l(fcmpi.o)
    0x0800b5e0   0x0800b5e0   0x00000184   Code   RO          936    x$fpl$fdiv          fz_ws.l(fdiv.o)
    0x0800b764   0x0800b764   0x00000068   Code   RO          939    x$fpl$feqf          fz_ws.l(feqf.o)
    0x0800b7cc   0x0800b7cc   0x00000036   Code   RO          941    x$fpl$ffix          fz_ws.l(ffix.o)
    0x0800b802   0x0800b802   0x00000002   PAD
    0x0800b804   0x0800b804   0x0000003e   Code   RO          945    x$fpl$ffixu         fz_ws.l(ffixu.o)
    0x0800b842   0x0800b842   0x00000002   PAD
    0x0800b844   0x0800b844   0x00000030   Code   RO          950    x$fpl$fflt          fz_ws.l(fflt_clz.o)
    0x0800b874   0x0800b874   0x00000026   Code   RO          949    x$fpl$ffltu         fz_ws.l(fflt_clz.o)
    0x0800b89a   0x0800b89a   0x00000002   PAD
    0x0800b89c   0x0800b89c   0x00000068   Code   RO          955    x$fpl$fleqf         fz_ws.l(fleqf.o)
    0x0800b904   0x0800b904   0x00000102   Code   RO          957    x$fpl$fmul          fz_ws.l(fmul.o)
    0x0800ba06   0x0800ba06   0x0000008c   Code   RO         1199    x$fpl$fnaninf       fz_ws.l(fnaninf.o)
    0x0800ba92   0x0800ba92   0x0000000a   Code   RO         1201    x$fpl$fretinf       fz_ws.l(fretinf.o)
    0x0800ba9c   0x0800ba9c   0x00000062   Code   RO          959    x$fpl$frleqf        fz_ws.l(frleqf.o)
    0x0800bafe   0x0800bafe   0x00000014   Code   RO          930    x$fpl$frsb          fz_ws.l(faddsub_clz.o)
    0x0800bb12   0x0800bb12   0x00000002   PAD
    0x0800bb14   0x0800bb14   0x000000ea   Code   RO          931    x$fpl$fsub          fz_ws.l(faddsub_clz.o)
    0x0800bbfe   0x0800bbfe   0x00000004   Code   RO         1203    x$fpl$printf1       fz_ws.l(printf1.o)
    0x0800bc02   0x0800bc02   0x00000004   Code   RO         1205    x$fpl$printf2       fz_ws.l(printf2.o)
    0x0800bc06   0x0800bc06   0x00000064   Code   RO         1472    x$fpl$retnan        fz_ws.l(retnan.o)
    0x0800bc6a   0x0800bc6a   0x0000005c   Code   RO         1327    x$fpl$scalbn        fz_ws.l(scalbn.o)
    0x0800bcc6   0x0800bcc6   0x00000030   Code   RO         1497    x$fpl$trapveneer    fz_ws.l(trapv.o)
    0x0800bcf6   0x0800bcf6   0x00000000   Code   RO         1211    x$fpl$usenofp       fz_ws.l(usenofp.o)
    0x0800bcf6   0x0800bcf6   0x00000002   PAD
    0x0800bcf8   0x0800bcf8   0x00000008   Data   RO         1058    .constdata          c_w.l(_printf_wctomb.o)
    0x0800bd00   0x0800bd00   0x00000028   Data   RO         1087    .constdata          c_w.l(_printf_hex_int_ll_ptr.o)
    0x0800bd28   0x0800bd28   0x00000011   Data   RO         1107    .constdata          c_w.l(__printf_flags_ss_wp.o)
    0x0800bd39   0x0800bd39   0x00000007   PAD
    0x0800bd40   0x0800bd40   0x00000098   Data   RO         1214    .constdata          m_ws.l(atan.o)
    0x0800bdd8   0x0800bdd8   0x00000030   Data   RO         1223    .constdata          m_ws.l(cos_i.o)
    0x0800be08   0x0800be08   0x00000008   Data   RO         1239    .constdata          m_ws.l(qnan.o)
    0x0800be10   0x0800be10   0x000000c8   Data   RO         1242    .constdata          m_ws.l(rred.o)
    0x0800bed8   0x0800bed8   0x00000028   Data   RO         1246    .constdata          m_ws.l(sin_i.o)
    0x0800bf00   0x0800bf00   0x00000026   Data   RO         1291    .constdata          c_w.l(_printf_fp_hex.o)
    0x0800bf26   0x0800bf26   0x00000004   Data   RO         1334    .constdata          c_w.l(sys_io.o)
    0x0800bf2a   0x0800bf2a   0x00000004   Data   RO         1335    .constdata          c_w.l(sys_io.o)
    0x0800bf2e   0x0800bf2e   0x00000004   Data   RO         1336    .constdata          c_w.l(sys_io.o)
    0x0800bf32   0x0800bf32   0x00000002   PAD
    0x0800bf34   0x0800bf34   0x00000094   Data   RO         1357    .constdata          c_w.l(bigflt0.o)
    0x0800bfc8   0x0800bfc8   0x00000144   Data   RO          689    .conststring        report.o
    0x0800c10c   0x0800c10c   0x00000020   Data   RO         1516    Region$$Table       anon$$obj.o
    0x0800c12c   0x0800c12c   0x0000001c   Data   RO         1394    locale$$data        c_w.l(lc_numeric_c.o)
    0x0800c148   0x0800c148   0x00000110   Data   RO         1457    locale$$data        c_w.l(lc_ctype_c.o)


    Execution Region RW_IRAM1 (Exec base: 0x20000000, Load base: 0x0800c258, Size: 0x000012a8, Max: 0x00010000, ABSOLUTE)

    Exec Addr    Load Addr    Size         Type   Attr      Idx    E Section Name        Object

    0x20000000   0x0800c258   0x00000014   Data   RW          223    .data               system_stm32f10x.o
    0x20000014   0x0800c26c   0x00000001   Data   RW          285    .data               key.o
    0x20000015   0x0800c26d   0x00000001   PAD
    0x20000016   0x0800c26e   0x00000004   Data   RW          319    .data               delay.o
    0x2000001a   0x0800c272   0x00000002   Data   RW          351    .data               usart.o
    0x2000001c   0x0800c274   0x00000014   Data   RW          413    .data               stm32f10x_rcc.o
    0x20000030   0x0800c288   0x00000004   Data   RW          634    .data               planner.o
    0x20000034   0x0800c28c   0x00000001   Data   RW          660    .data               probe.o
    0x20000035   0x0800c28d   0x00000004   Data   RW          703    .data               serial.o
    0x20000039   0x0800c291   0x00000003   PAD
    0x2000003c   0x0800c294   0x00000010   Data   RW          749    .data               stepper.o
    0x2000004c   0x0800c2a4   0x00000003   Data   RW          764    .data               system.o
    0x2000004f   0x0800c2a7   0x00000001   PAD
    0x20000050   0x0800c2a8   0x00000004   Data   RW         1135    .data               c_w.l(stdio_streams.o)
    0x20000054   0x0800c2ac   0x00000004   Data   RW         1136    .data               c_w.l(stdio_streams.o)
    0x20000058   0x0800c2b0   0x00000004   Data   RW         1137    .data               c_w.l(stdio_streams.o)
    0x2000005c        -       0x000000c8   Zero   RW          350    .bss                usart.o
    0x20000124        -       0x00000084   Zero   RW          560    .bss                gcode.o
    0x200001a8        -       0x00000020   Zero   RW          590    .bss                main_1.o
    0x200001c8        -       0x00000334   Zero   RW          633    .bss                planner.o
    0x200004fc        -       0x00000050   Zero   RW          675    .bss                protocol.o
    0x2000054c        -       0x000000c0   Zero   RW          702    .bss                serial.o
    0x2000060c        -       0x00000054   Zero   RW          718    .bss                settings.o
    0x20000660        -       0x000000ec   Zero   RW          748    .bss                stepper.o
    0x2000074c        -       0x00000400   Zero   RW          783    .bss                wrappers.o
    0x20000b4c        -       0x00000054   Zero   RW         1132    .bss                c_w.l(stdio_streams.o)
    0x20000ba0        -       0x00000054   Zero   RW         1133    .bss                c_w.l(stdio_streams.o)
    0x20000bf4        -       0x00000054   Zero   RW         1134    .bss                c_w.l(stdio_streams.o)
    0x20000c48        -       0x00000060   Zero   RW         1254    .bss                c_w.l(libspace.o)
    0x20000ca8        -       0x00000200   Zero   RW          382    HEAP                startup_stm32f10x_hd.o
    0x20000ea8        -       0x00000400   Zero   RW          381    STACK               startup_stm32f10x_hd.o


==============================================================================

Image component sizes


      Code (inc. data)   RO Data    RW Data    ZI Data      Debug   Object Name

        56          6          0          0          0       1570   coolant_control.o
       212         18          0          4          0       1068   delay.o
       140          0          0          0          0       1606   eeprom.o
      4996        160          0          0        132       7855   gcode.o
       252         12          0          1          0        844   key.o
        76          8          0          0          0     205287   led.o
       840         20          0          0          0       2267   limits.o
       176         24          0          0          0     208199   main.o
         0          0          0          0         32       1548   main_1.o
       220         22          0          0          0       1809   misc.o
      1436         56          0          0          0       3322   motion_control.o
       420         22          0          0          0       2203   nuts_bolts.o
      1700         84          0          4        820       4643   planner.o
       648         24          0          0          0       3009   print.o
       116         20          0          1          0       1241   probe.o
       912         20          0          0         80       2557   protocol.o
      3800       1644        324          0          0       4487   report.o
       228         30          0          4        192       2474   serial.o
      1276         70          0          0         84       6502   settings.o
       228         26          0          0          0       1198   spindle_control.o
        64         26        304          0       1536        804   startup_stm32f10x_hd.o
      2520        120          0         16        236       4762   stepper.o
       860         38          0          0          0       5741   stm32f10x_gpio.o
        26          0          0          0          0      44706   stm32f10x_it.o
       932         36          0         20          0       8920   stm32f10x_rcc.o
      3610         88          0          0          0      22848   stm32f10x_tim.o
      1032         22          0          0          0       8464   stm32f10x_usart.o
         0          0          0          0          0         32   sys.o
      1028         16          0          3          0       3158   system.o
       480         38          0         20          0       1751   system_stm32f10x.o
       136          8          0          0          0        792   timer.o
       268          8          0          2        200       1923   usart.o
       348         30          0          0       1024       5318   wrappers.o

    ----------------------------------------------------------------------
     29040       2696        660         80       4336     572908   Object Totals
         0          0         32          0          0          0   (incl. Generated)
         4          0          0          5          0          0   (incl. Padding)

    ----------------------------------------------------------------------

      Code (inc. data)   RO Data    RW Data    ZI Data      Debug   Library Member Name

        24          4          0          0          0         84   __2printf.o
         8          0          0          0          0         68   __main.o
       392          4         17          0          0         92   __printf_flags_ss_wp.o
        14          0          0          0          0         68   __printf_wp.o
         0          0          0          0          0          0   __rtentry.o
        12          0          0          0          0          0   __rtentry2.o
         6          0          0          0          0          0   __rtentry4.o
        52          8          0          0          0          0   __scatter.o
        26          0          0          0          0          0   __scatter_copy.o
        28          0          0          0          0          0   __scatter_zi.o
         6          0          0          0          0          0   _printf_a.o
         6          0          0          0          0          0   _printf_c.o
        44          0          0          0          0        108   _printf_char.o
        48          6          0          0          0         96   _printf_char_common.o
        36          4          0          0          0         80   _printf_char_file.o
        40          0          0          0          0         68   _printf_charcount.o
         6          0          0          0          0          0   _printf_d.o
       120         16          0          0          0         92   _printf_dec.o
         6          0          0          0          0          0   _printf_e.o
         6          0          0          0          0          0   _printf_f.o
      1054          0          0          0          0        216   _printf_fp_dec.o
       764          8         38          0          0        100   _printf_fp_hex.o
       128         16          0          0          0         84   _printf_fp_infnan.o
         6          0          0          0          0          0   _printf_g.o
       148          4         40          0          0        160   _printf_hex_int_ll_ptr.o
         6          0          0          0          0          0   _printf_i.o
       178          0          0          0          0         88   _printf_intcommon.o
        10          0          0          0          0          0   _printf_l.o
         6          0          0          0          0          0   _printf_lc.o
        10          0          0          0          0          0   _printf_ll.o
         6          0          0          0          0          0   _printf_lld.o
         6          0          0          0          0          0   _printf_lli.o
         6          0          0          0          0          0   _printf_llo.o
         6          0          0          0          0          0   _printf_llu.o
         6          0          0          0          0          0   _printf_llx.o
       124         16          0          0          0         92   _printf_longlong_dec.o
         6          0          0          0          0          0   _printf_ls.o
         6          0          0          0          0          0   _printf_n.o
         6          0          0          0          0          0   _printf_o.o
       112         10          0          0          0        124   _printf_oct_int_ll.o
         6          0          0          0          0          0   _printf_p.o
        78          0          0          0          0        108   _printf_pad.o
         0          0          0          0          0          0   _printf_percent.o
         4          0          0          0          0          0   _printf_percent_end.o
         6          0          0          0          0          0   _printf_s.o
        82          0          0          0          0         80   _printf_str.o
        36          0          0          0          0         84   _printf_truncate.o
         6          0          0          0          0          0   _printf_u.o
        44          0          0          0          0        108   _printf_wchar.o
       188          6          8          0          0         92   _printf_wctomb.o
         6          0          0          0          0          0   _printf_x.o
        22          0          0          0          0        100   _rserrno.o
        10          0          0          0          0         68   _sputc.o
        64          0          0          0          0         92   _wcrtomb.o
       228          4        148          0          0         96   bigflt0.o
      1936        128          0          0          0        672   btod.o
        10          0          0          0          0         68   defsig_exit.o
        50          0          0          0          0         88   defsig_general.o
        80         58          0          0          0         76   defsig_rtmem_inner.o
        14          0          0          0          0         80   defsig_rtmem_outer.o
        52         38          0          0          0         76   defsig_rtred_inner.o
        14          0          0          0          0         80   defsig_rtred_outer.o
        18          0          0          0          0         80   exit.o
        76          0          0          0          0         88   fclose.o
         8          0          0          0          0         68   ferror.o
       470          0          0          0          0         88   flsbuf.o
       236          4          0          0          0        128   fopen.o
        26          0          0          0          0         68   fputc.o
       248          6          0          0          0         84   fseek.o
        66          0          0          0          0         76   ftell.o
        94          0          0          0          0         80   h1_alloc.o
        52          0          0          0          0         68   h1_extend.o
        78          0          0          0          0         80   h1_free.o
        14          0          0          0          0         84   h1_init.o
         6          0          0          0          0        152   heapauxi.o
         4          0          0          0          0        136   hguard.o
         0          0          0          0          0          0   indicate_semi.o
       138          0          0          0          0        168   init_alloc.o
       312         46          0          0          0        112   initio.o
        44         10        272          0          0         76   lc_ctype_c.o
        44         10         28          0          0         76   lc_numeric_c.o
         2          0          0          0          0          0   libinit.o
        42          0          0          0          0          0   libinit2.o
         2          0          0          0          0          0   libshutdown.o
         6          0          0          0          0          0   libshutdown2.o
         8          4          0          0         96         68   libspace.o
       138          0          0          0          0         80   lludiv10.o
         0          0          0          0          0          0   maybetermalloc1.o
        16          4          0          0          0         76   rt_ctype_table.o
         8          4          0          0          0         68   rt_errno_addr_intlibspace.o
         8          4          0          0          0         68   rt_heap_descriptor_intlibspace.o
         8          4          0          0          0         68   rt_locale_intlibspace.o
        68          0          0          0          0         68   rt_memclr.o
        78          0          0          0          0         80   rt_memclr_w.o
         2          0          0          0          0          0   rtexit.o
        10          0          0          0          0          0   rtexit2.o
        70          0          0          0          0         80   setvbuf.o
       240          6          0          0          0        156   stdio.o
         0          0          0         12        252          0   stdio_streams.o
       128          0          0          0          0         68   strcmpv7m.o
        62          0          0          0          0         76   strlen.o
        12          4          0          0          0         68   sys_exit.o
       102          0         12          0          0        240   sys_io.o
        74          0          0          0          0         80   sys_stackheap_outer.o
        14          0          0          0          0         76   sys_wrch.o
         2          0          0          0          0         68   use_no_semi.o
        36          4          0          0          0         76   vsprintf.o
        98          4          0          0          0         92   d2f.o
       826         16          0          0          0        348   daddsub_clz.o
        16          4          0          0          0         68   dcheck1.o
        24          0          0          0          0         68   dcmpi.o
       688        140          0          0          0        208   ddiv.o
       120          4          0          0          0         92   deqf.o
       228          8          0          0          0        184   dfix.o
        90          4          0          0          0         92   dfixu.o
        84          0          0          0          0        136   dflt_clz.o
       120          4          0          0          0         92   dleqf.o
       340         12          0          0          0        104   dmul.o
       156          4          0          0          0         92   dnaninf.o
        12          0          0          0          0         68   dretinf.o
       108          0          0          0          0         80   drleqf.o
       180          4          0          0          0         80   drnd.o
       460         56          0          0          0        120   dsqrt_noumaal.o
        86          4          0          0          0         84   f2d.o
       450          8          0          0          0        236   faddsub_clz.o
        24          0          0          0          0         68   fcmpi.o
       388         76          0          0          0         96   fdiv.o
       104          4          0          0          0         84   feqf.o
        54          4          0          0          0         84   ffix.o
        62          4          0          0          0         84   ffixu.o
        86          0          0          0          0        136   fflt_clz.o
       104          4          0          0          0         84   fleqf.o
       258          4          0          0          0         84   fmul.o
       140          4          0          0          0         84   fnaninf.o
        10          0          0          0          0         68   fretinf.o
        98          0          0          0          0         68   frleqf.o
         4          0          0          0          0         68   printf1.o
         4          0          0          0          0         68   printf2.o
       100          0          0          0          0         68   retnan.o
        92          0          0          0          0         68   scalbn.o
        48          0          0          0          0         68   trapv.o
         0          0          0          0          0          0   usenofp.o
       544         70        152          0          0        124   atan.o
       384         38          0          0          0        144   atan2.o
       220         16          0          0          0         84   ceil.o
       156          8          0          0          0        104   cos.o
       252         22         48          0          0        124   cos_i.o
        38          6          0          0          0        272   dunder.o
       220         16          0          0          0         84   floor.o
        40          0          0          0          0         68   fpclassify.o
       196         26          0          0          0        100   lround.o
       170          0          0          0          0         96   poly.o
         0          0          8          0          0          0   qnan.o
       148         12          0          0          0         88   round.o
       904         76        200          0          0        140   rred.o
       160         10          0          0          0        108   sin.o
       236         12         40          0          0        128   sin_i.o
        76          0          0          0          0         84   sqrt.o
       100          4          0          0          0         84   trunc.o

    ----------------------------------------------------------------------
     19032       1128       1020         12        348      12220   Library Totals
        46          0          9          0          0          0   (incl. Padding)

    ----------------------------------------------------------------------

      Code (inc. data)   RO Data    RW Data    ZI Data      Debug   Library Name

      9480        440        563         12        348       6864   c_w.l
      5662        372          0          0          0       3524   fz_ws.l
      3844        316        448          0          0       1832   m_ws.l

    ----------------------------------------------------------------------
     19032       1128       1020         12        348      12220   Library Totals

    ----------------------------------------------------------------------

==============================================================================


      Code (inc. data)   RO Data    RW Data    ZI Data      Debug   

     48072       3824       1680         92       4684     575244   Grand Totals
     48072       3824       1680         92       4684     575244   ELF Image Totals
     48072       3824       1680         92          0          0   ROM Totals

==============================================================================

    Total RO  Size (Code + RO Data)                49752 (  48.59kB)
    Total RW  Size (RW Data + ZI Data)              4776 (   4.66kB)
    Total ROM Size (Code + RO Data + RW Data)      49844 (  48.68kB)

==============================================================================

